added mani
